###############################################################################
#
# IAR ELF Linker V8.40.1.212/W32 for ARM                  14/Dec/2021  01:18:34
# Copyright 2007-2019 IAR Systems AB.
#
#    Output file  =
#        F:\School\Assignment08\PWM_LED1_AGP\EWARM\PWM_LED1_AGP\Exe\PWM_LED1_AGP.out
#    Map file     =
#        F:\School\Assignment08\PWM_LED1_AGP\EWARM\PWM_LED1_AGP\List\PWM_LED1_AGP.map
#    Command line =
#        -f C:\Users\apere\AppData\Local\Temp\EW2FE0.tmp
#        (F:\School\Assignment08\PWM_LED1_AGP\EWARM\PWM_LED1_AGP\Obj\main.o
#        F:\School\Assignment08\PWM_LED1_AGP\EWARM\PWM_LED1_AGP\Obj\startup_stm32l475xx.o
#        F:\School\Assignment08\PWM_LED1_AGP\EWARM\PWM_LED1_AGP\Obj\stm32l4xx_hal.o
#        F:\School\Assignment08\PWM_LED1_AGP\EWARM\PWM_LED1_AGP\Obj\stm32l4xx_hal_cortex.o
#        F:\School\Assignment08\PWM_LED1_AGP\EWARM\PWM_LED1_AGP\Obj\stm32l4xx_hal_dma.o
#        F:\School\Assignment08\PWM_LED1_AGP\EWARM\PWM_LED1_AGP\Obj\stm32l4xx_hal_dma_ex.o
#        F:\School\Assignment08\PWM_LED1_AGP\EWARM\PWM_LED1_AGP\Obj\stm32l4xx_hal_exti.o
#        F:\School\Assignment08\PWM_LED1_AGP\EWARM\PWM_LED1_AGP\Obj\stm32l4xx_hal_flash.o
#        F:\School\Assignment08\PWM_LED1_AGP\EWARM\PWM_LED1_AGP\Obj\stm32l4xx_hal_flash_ex.o
#        F:\School\Assignment08\PWM_LED1_AGP\EWARM\PWM_LED1_AGP\Obj\stm32l4xx_hal_flash_ramfunc.o
#        F:\School\Assignment08\PWM_LED1_AGP\EWARM\PWM_LED1_AGP\Obj\stm32l4xx_hal_gpio.o
#        F:\School\Assignment08\PWM_LED1_AGP\EWARM\PWM_LED1_AGP\Obj\stm32l4xx_hal_i2c.o
#        F:\School\Assignment08\PWM_LED1_AGP\EWARM\PWM_LED1_AGP\Obj\stm32l4xx_hal_i2c_ex.o
#        F:\School\Assignment08\PWM_LED1_AGP\EWARM\PWM_LED1_AGP\Obj\stm32l4xx_hal_msp.o
#        F:\School\Assignment08\PWM_LED1_AGP\EWARM\PWM_LED1_AGP\Obj\stm32l4xx_hal_pwr.o
#        F:\School\Assignment08\PWM_LED1_AGP\EWARM\PWM_LED1_AGP\Obj\stm32l4xx_hal_pwr_ex.o
#        F:\School\Assignment08\PWM_LED1_AGP\EWARM\PWM_LED1_AGP\Obj\stm32l4xx_hal_rcc.o
#        F:\School\Assignment08\PWM_LED1_AGP\EWARM\PWM_LED1_AGP\Obj\stm32l4xx_hal_rcc_ex.o
#        F:\School\Assignment08\PWM_LED1_AGP\EWARM\PWM_LED1_AGP\Obj\stm32l4xx_hal_tim.o
#        F:\School\Assignment08\PWM_LED1_AGP\EWARM\PWM_LED1_AGP\Obj\stm32l4xx_hal_tim_ex.o
#        F:\School\Assignment08\PWM_LED1_AGP\EWARM\PWM_LED1_AGP\Obj\stm32l4xx_hal_timebase_tim.o
#        F:\School\Assignment08\PWM_LED1_AGP\EWARM\PWM_LED1_AGP\Obj\stm32l4xx_it.o
#        F:\School\Assignment08\PWM_LED1_AGP\EWARM\PWM_LED1_AGP\Obj\system_stm32l4xx.o
#        --no_out_extension -o
#        F:\School\Assignment08\PWM_LED1_AGP\EWARM\PWM_LED1_AGP\Exe\PWM_LED1_AGP.out
#        --redirect _Printf=_PrintfFullNoMb --redirect _Scanf=_ScanfFullNoMb
#        --map
#        F:\School\Assignment08\PWM_LED1_AGP\EWARM\PWM_LED1_AGP\List\PWM_LED1_AGP.map
#        --config
#        F:\School\Assignment08\PWM_LED1_AGP\EWARM/stm32l475xx_flash.icf
#        --semihosting --entry __iar_program_start --vfe --text_out locale)
#
###############################################################################

*******************************************************************************
*** RUNTIME MODEL ATTRIBUTES
***

CppFlavor       = *
__SystemLibrary = DLib
__dlib_version  = 6


*******************************************************************************
*** HEAP SELECTION
***

The basic heap was selected because some modules are built with
size limitations (and not runtime checking), and --advanced_heap
was not specified.


*******************************************************************************
*** PLACEMENT SUMMARY
***

"A0":  place at address 0x800'0000 { ro section .intvec };
"P1":  place in [from 0x800'0000 to 0x80f'ffff] { ro };
define block CSTACK with size = 1K, alignment = 8 { };
define block HEAP with size = 512, alignment = 8 { };
"P2":  place in [from 0x2000'0000 to 0x2001'7fff] {
          rw, block CSTACK, block HEAP };
"P3":  place in [from 0x2000'0000 to 0x2001'7fff] { };
initialize by copy { rw };

  Section            Kind         Address    Size  Object
  -------            ----         -------    ----  ------
"A0":                                       0x188
  .intvec            ro code   0x800'0000   0x188  startup_stm32l475xx.o [1]
                             - 0x800'0188   0x188

"P1":                                      0x1a98
  .text              ro code   0x800'0188   0x916  stm32l4xx_hal_tim.o [1]
  .text              ro code   0x800'0a9e    0x3a  zero_init3.o [4]
  .text              ro code   0x800'0ad8    0xa4  stm32l4xx_hal_msp.o [1]
  .text              ro code   0x800'0b7c     0x2  stm32l4xx_hal_tim.o [1]
  .text              ro code   0x800'0b7e     0x2  stm32l4xx_hal_tim.o [1]
  .text              ro code   0x800'0b80     0x2  stm32l4xx_hal_tim.o [1]
  .text              ro code   0x800'0b82    0x2e  copy_init3.o [4]
  .text              ro code   0x800'0bb0   0x1a0  main.o [1]
  .text              ro code   0x800'0d50     0x2  stm32l4xx_hal_tim_ex.o [1]
  .text              ro code   0x800'0d52     0x2  stm32l4xx_hal_tim_ex.o [1]
  .text              ro code   0x800'0d54     0x2  stm32l4xx_hal_tim.o [1]
  .text              ro code   0x800'0d56     0x2  stm32l4xx_hal_tim_ex.o [1]
  .text              ro code   0x800'0d58     0x2  stm32l4xx_hal_tim.o [1]
  .text              ro code   0x800'0d5a    0x14  memset.o [4]
  .text              ro code   0x800'0d70   0x1e0  stm32l4xx_hal_gpio.o [1]
  .text              ro code   0x800'0f50    0x1e  stm32l4xx_hal.o [1]
  .text              ro code   0x800'0f70    0x94  stm32l4xx_hal_tim_ex.o [1]
  .text              ro code   0x800'1004    0x28  stm32l4xx_hal.o [1]
  .text              ro code   0x800'102c    0x84  stm32l4xx_hal_pwr_ex.o [1]
  .text              ro code   0x800'10b0   0x714  stm32l4xx_hal_rcc.o [1]
  .text              ro code   0x800'17c4    0x10  stm32l4xx_hal.o [1]
  .text              ro code   0x800'17d4    0x66  ABImemset.o [4]
  .text              ro code   0x800'183c    0x9c  stm32l4xx_hal_cortex.o [1]
  .text              ro code   0x800'18d8    0x78  stm32l4xx_hal_timebase_tim.o [1]
  .text              ro code   0x800'1950     0xc  stm32l4xx_hal.o [1]
  .text              ro code   0x800'195c    0x50  system_stm32l4xx.o [1]
  .rodata            const     0x800'19ac    0x30  system_stm32l4xx.o [1]
  .text              ro code   0x800'19dc    0x28  data_init.o [4]
  .text              ro code   0x800'1a04    0x22  fpinit_M.o [3]
  .iar.init_table    const     0x800'1a28    0x24  - Linker created -
  .text              ro code   0x800'1a4c    0x1e  cmain.o [4]
  .text              ro code   0x800'1a6a     0x4  low_level_init.o [2]
  .text              ro code   0x800'1a6e     0x4  exit.o [2]
  .text              ro code   0x800'1a74     0xa  cexit.o [4]
  .text              ro code   0x800'1a80    0x14  exit.o [5]
  .text              ro code   0x800'1a94    0x1c  stm32l4xx_it.o [1]
  .text              ro code   0x800'1ab0    0x10  startup_stm32l475xx.o [1]
  Initializer bytes  const     0x800'1ac0    0x10  <for P2-P3-1>
  .text              ro code   0x800'1ad0     0xc  cstartup_M.o [4]
  .rodata            const     0x800'1adc     0x8  system_stm32l4xx.o [1]
  .text              ro code   0x800'1ae4     0x4  startup_stm32l475xx.o [1]
  .text              ro code   0x800'1ae8     0x4  startup_stm32l475xx.o [1]
  .text              ro code   0x800'1aec     0x4  startup_stm32l475xx.o [1]
  .text              ro code   0x800'1af0     0x4  startup_stm32l475xx.o [1]
  .text              ro code   0x800'1af4     0x4  startup_stm32l475xx.o [1]
  .text              ro code   0x800'1af8     0x4  startup_stm32l475xx.o [1]
  .text              ro code   0x800'1afc     0x4  startup_stm32l475xx.o [1]
  .text              ro code   0x800'1b00     0x4  startup_stm32l475xx.o [1]
  .text              ro code   0x800'1b04     0x4  startup_stm32l475xx.o [1]
  .text              ro code   0x800'1b08     0x4  startup_stm32l475xx.o [1]
  .text              ro code   0x800'1b0c     0x4  startup_stm32l475xx.o [1]
  .text              ro code   0x800'1b10     0x4  startup_stm32l475xx.o [1]
  .text              ro code   0x800'1b14     0x4  startup_stm32l475xx.o [1]
  .text              ro code   0x800'1b18     0x4  startup_stm32l475xx.o [1]
  .text              ro code   0x800'1b1c     0x4  startup_stm32l475xx.o [1]
  .text              ro code   0x800'1b20     0x4  startup_stm32l475xx.o [1]
  .text              ro code   0x800'1b24     0x4  startup_stm32l475xx.o [1]
  .text              ro code   0x800'1b28     0x4  startup_stm32l475xx.o [1]
  .text              ro code   0x800'1b2c     0x4  startup_stm32l475xx.o [1]
  .text              ro code   0x800'1b30     0x4  startup_stm32l475xx.o [1]
  .text              ro code   0x800'1b34     0x4  startup_stm32l475xx.o [1]
  .text              ro code   0x800'1b38     0x4  startup_stm32l475xx.o [1]
  .text              ro code   0x800'1b3c     0x4  startup_stm32l475xx.o [1]
  .text              ro code   0x800'1b40     0x4  startup_stm32l475xx.o [1]
  .text              ro code   0x800'1b44     0x4  startup_stm32l475xx.o [1]
  .text              ro code   0x800'1b48     0x4  startup_stm32l475xx.o [1]
  .text              ro code   0x800'1b4c     0x4  startup_stm32l475xx.o [1]
  .text              ro code   0x800'1b50     0x4  startup_stm32l475xx.o [1]
  .text              ro code   0x800'1b54     0x4  startup_stm32l475xx.o [1]
  .text              ro code   0x800'1b58     0x4  startup_stm32l475xx.o [1]
  .text              ro code   0x800'1b5c     0x4  startup_stm32l475xx.o [1]
  .text              ro code   0x800'1b60     0x4  startup_stm32l475xx.o [1]
  .text              ro code   0x800'1b64     0x4  startup_stm32l475xx.o [1]
  .text              ro code   0x800'1b68     0x4  startup_stm32l475xx.o [1]
  .text              ro code   0x800'1b6c     0x4  startup_stm32l475xx.o [1]
  .text              ro code   0x800'1b70     0x4  startup_stm32l475xx.o [1]
  .text              ro code   0x800'1b74     0x4  startup_stm32l475xx.o [1]
  .text              ro code   0x800'1b78     0x4  startup_stm32l475xx.o [1]
  .text              ro code   0x800'1b7c     0x4  startup_stm32l475xx.o [1]
  .text              ro code   0x800'1b80     0x4  startup_stm32l475xx.o [1]
  .text              ro code   0x800'1b84     0x4  startup_stm32l475xx.o [1]
  .text              ro code   0x800'1b88     0x4  startup_stm32l475xx.o [1]
  .text              ro code   0x800'1b8c     0x4  startup_stm32l475xx.o [1]
  .text              ro code   0x800'1b90     0x4  startup_stm32l475xx.o [1]
  .text              ro code   0x800'1b94     0x4  startup_stm32l475xx.o [1]
  .text              ro code   0x800'1b98     0x4  startup_stm32l475xx.o [1]
  .text              ro code   0x800'1b9c     0x4  startup_stm32l475xx.o [1]
  .text              ro code   0x800'1ba0     0x4  startup_stm32l475xx.o [1]
  .text              ro code   0x800'1ba4     0x4  startup_stm32l475xx.o [1]
  .text              ro code   0x800'1ba8     0x4  startup_stm32l475xx.o [1]
  .text              ro code   0x800'1bac     0x4  startup_stm32l475xx.o [1]
  .text              ro code   0x800'1bb0     0x4  startup_stm32l475xx.o [1]
  .text              ro code   0x800'1bb4     0x4  startup_stm32l475xx.o [1]
  .text              ro code   0x800'1bb8     0x4  startup_stm32l475xx.o [1]
  .text              ro code   0x800'1bbc     0x4  startup_stm32l475xx.o [1]
  .text              ro code   0x800'1bc0     0x4  startup_stm32l475xx.o [1]
  .text              ro code   0x800'1bc4     0x4  startup_stm32l475xx.o [1]
  .text              ro code   0x800'1bc8     0x4  startup_stm32l475xx.o [1]
  .text              ro code   0x800'1bcc     0x4  startup_stm32l475xx.o [1]
  .text              ro code   0x800'1bd0     0x4  startup_stm32l475xx.o [1]
  .text              ro code   0x800'1bd4     0x4  startup_stm32l475xx.o [1]
  .text              ro code   0x800'1bd8     0x4  startup_stm32l475xx.o [1]
  .text              ro code   0x800'1bdc     0x4  startup_stm32l475xx.o [1]
  .text              ro code   0x800'1be0     0x4  startup_stm32l475xx.o [1]
  .text              ro code   0x800'1be4     0x4  startup_stm32l475xx.o [1]
  .text              ro code   0x800'1be8     0x4  startup_stm32l475xx.o [1]
  .text              ro code   0x800'1bec     0x4  startup_stm32l475xx.o [1]
  .text              ro code   0x800'1bf0     0x4  startup_stm32l475xx.o [1]
  .text              ro code   0x800'1bf4     0x4  startup_stm32l475xx.o [1]
  .text              ro code   0x800'1bf8     0x4  startup_stm32l475xx.o [1]
  .text              ro code   0x800'1bfc     0x4  startup_stm32l475xx.o [1]
  .text              ro code   0x800'1c00     0x4  startup_stm32l475xx.o [1]
  .text              ro code   0x800'1c04     0x4  startup_stm32l475xx.o [1]
  .text              ro code   0x800'1c08     0x4  startup_stm32l475xx.o [1]
  .text              ro code   0x800'1c0c     0x4  startup_stm32l475xx.o [1]
  .text              ro code   0x800'1c10     0x4  startup_stm32l475xx.o [1]
  .text              ro code   0x800'1c14     0x4  startup_stm32l475xx.o [1]
  .text              ro code   0x800'1c18     0x4  startup_stm32l475xx.o [1]
  .text              ro code   0x800'1c1c     0x4  startup_stm32l475xx.o [1]
  .rodata            const     0x800'1c20     0x0  zero_init3.o [4]
  .rodata            const     0x800'1c20     0x0  copy_init3.o [4]
                             - 0x800'1c20  0x1a98

"P2-P3", part 1 of 3:                        0x10
  P2-P3-1                     0x2000'0000    0x10  <Init block>
    .data            inited   0x2000'0000     0xc  stm32l4xx_hal.o [1]
    .data            inited   0x2000'000c     0x4  system_stm32l4xx.o [1]
                            - 0x2000'0010    0x10

"P2-P3", part 2 of 3:                        0x9c
  .bss               zero     0x2000'0010    0x50  main.o [1]
  .bss               zero     0x2000'0060    0x4c  stm32l4xx_hal_timebase_tim.o [1]
                            - 0x2000'00ac    0x9c

"P2-P3", part 3 of 3:                       0x400
  CSTACK                      0x2000'00b0   0x400  <Block>
    CSTACK           uninit   0x2000'00b0   0x400  <Block tail>
                            - 0x2000'04b0   0x400

Unused ranges:

         From           To      Size
         ----           --      ----
   0x800'1c20   0x80f'ffff  0xf'e3e0
  0x2000'00ac  0x2000'00af       0x4
  0x2000'04b0  0x2001'7fff  0x1'7b50


*******************************************************************************
*** INIT TABLE
***

          Address      Size
          -------      ----
Zero (__iar_zero_init3)
    1 destination range, total size 0x9c:
          0x2000'0010  0x9c

Copy (__iar_copy_init3)
    1 source range, total size 0x10:
           0x800'1ac0  0x10
    1 destination range, total size 0x10:
          0x2000'0000  0x10



*******************************************************************************
*** MODULE SUMMARY
***

    Module                        ro code  ro data  rw data
    ------                        -------  -------  -------
command line/config:
    -------------------------------------------------------
    Total:

F:\School\Assignment08\PWM_LED1_AGP\EWARM\PWM_LED1_AGP\Obj: [1]
    main.o                            416                80
    startup_stm32l475xx.o             724
    stm32l4xx_hal.o                    98       12       12
    stm32l4xx_hal_cortex.o            156
    stm32l4xx_hal_gpio.o              480
    stm32l4xx_hal_msp.o               164
    stm32l4xx_hal_pwr_ex.o            132
    stm32l4xx_hal_rcc.o             1'812
    stm32l4xx_hal_tim.o             2'336
    stm32l4xx_hal_tim_ex.o            154
    stm32l4xx_hal_timebase_tim.o      120                76
    stm32l4xx_it.o                     28
    system_stm32l4xx.o                 80       60        4
    -------------------------------------------------------
    Total:                          6'700       72      172

dl7M_tln.a: [2]
    exit.o                              4
    low_level_init.o                    4
    -------------------------------------------------------
    Total:                              8

m7M_tls.a: [3]
    fpinit_M.o                         34
    -------------------------------------------------------
    Total:                             34

rt7M_tl.a: [4]
    ABImemset.o                       102
    cexit.o                            10
    cmain.o                            30
    copy_init3.o                       46
    cstartup_M.o                       12
    data_init.o                        40
    memset.o                           20
    zero_init3.o                       58
    -------------------------------------------------------
    Total:                            318

shb_l.a: [5]
    exit.o                             20
    -------------------------------------------------------
    Total:                             20

    Gaps                               10        2
    Linker created                              36    1'024
-----------------------------------------------------------
    Grand Total:                    7'090      110    1'196


*******************************************************************************
*** ENTRY LIST
***

Entry                       Address   Size  Type      Object
-----                       -------   ----  ----      ------
.iar.init_table$$Base    0x800'1a28          --   Gb  - Linker created -
.iar.init_table$$Limit   0x800'1a4c          --   Gb  - Linker created -
?main                    0x800'1a4d         Code  Gb  cmain.o [4]
AHBPrescTable            0x800'199c   0x10  Data  Gb  system_stm32l4xx.o [1]
APBPrescTable            0x800'1adc    0x8  Data  Gb  system_stm32l4xx.o [1]
BusFault_Handler         0x800'1a9b    0x2  Code  Gb  stm32l4xx_it.o [1]
CSTACK$$Base            0x2000'00b0          --   Gb  - Linker created -
CSTACK$$Limit           0x2000'04b0          --   Gb  - Linker created -
DebugMon_Handler         0x800'1aa1    0x2  Code  Gb  stm32l4xx_it.o [1]
Error_Handler            0x800'0d4d    0x4  Code  Gb  main.o [1]
HAL_Delay                0x800'1005   0x28  Code  Wk  stm32l4xx_hal.o [1]
HAL_GPIO_Init            0x800'0d71  0x1bc  Code  Gb  stm32l4xx_hal_gpio.o [1]
HAL_GetTick              0x800'1951    0xc  Code  Wk  stm32l4xx_hal.o [1]
HAL_IncTick              0x800'17c5   0x10  Code  Wk  stm32l4xx_hal.o [1]
HAL_Init                 0x800'0f51   0x1e  Code  Gb  stm32l4xx_hal.o [1]
HAL_InitTick             0x800'18d9   0x66  Code  Gb  stm32l4xx_hal_timebase_tim.o [1]
HAL_MspInit              0x800'0ad9   0x2c  Code  Gb  stm32l4xx_hal_msp.o [1]
HAL_NVIC_EnableIRQ       0x800'18ad   0x16  Code  Gb  stm32l4xx_hal_cortex.o [1]
HAL_NVIC_SetPriority     0x800'1871   0x3a  Code  Gb  stm32l4xx_hal_cortex.o [1]
HAL_NVIC_SetPriorityGrouping
                         0x800'1857   0x1a  Code  Gb  stm32l4xx_hal_cortex.o [1]
HAL_PWREx_ControlVoltageScaling
                         0x800'1039   0x5c  Code  Gb  stm32l4xx_hal_pwr_ex.o [1]
HAL_PWREx_GetVoltageRange
                         0x800'102d    0xc  Code  Gb  stm32l4xx_hal_pwr_ex.o [1]
HAL_RCC_ClockConfig      0x800'151b  0x100  Code  Gb  stm32l4xx_hal_rcc.o [1]
HAL_RCC_GetClockConfig   0x800'16d9   0x36  Code  Gb  stm32l4xx_hal_rcc.o [1]
HAL_RCC_GetPCLK2Freq     0x800'16c1    0xe  Code  Gb  stm32l4xx_hal_rcc.o [1]
HAL_RCC_GetSysClockFreq
                         0x800'162f   0x92  Code  Gb  stm32l4xx_hal_rcc.o [1]
HAL_RCC_OscConfig        0x800'10b1  0x43e  Code  Gb  stm32l4xx_hal_rcc.o [1]
HAL_TIMEx_Break2Callback
                         0x800'0d53    0x2  Code  Wk  stm32l4xx_hal_tim_ex.o [1]
HAL_TIMEx_BreakCallback
                         0x800'0d51    0x2  Code  Wk  stm32l4xx_hal_tim_ex.o [1]
HAL_TIMEx_CommutCallback
                         0x800'0d57    0x2  Code  Wk  stm32l4xx_hal_tim_ex.o [1]
HAL_TIMEx_MasterConfigSynchronization
                         0x800'0f71   0x7a  Code  Gb  stm32l4xx_hal_tim_ex.o [1]
HAL_TIM_Base_Init        0x800'0189   0x1a  Code  Gb  stm32l4xx_hal_tim.o [1]
HAL_TIM_Base_MspInit     0x800'0b05   0x22  Code  Gb  stm32l4xx_hal_msp.o [1]
HAL_TIM_Base_Start_IT    0x800'01a3   0x7a  Code  Gb  stm32l4xx_hal_tim.o [1]
HAL_TIM_ConfigClockSource
                         0x800'061d   0x90  Code  Gb  stm32l4xx_hal_tim.o [1]
HAL_TIM_IRQHandler       0x800'03ad  0x15c  Code  Gb  stm32l4xx_hal_tim.o [1]
HAL_TIM_MspPostInit      0x800'0b27   0x4c  Code  Gb  stm32l4xx_hal_msp.o [1]
HAL_TIM_PWM_ConfigChannel
                         0x800'050f  0x102  Code  Gb  stm32l4xx_hal_tim.o [1]
HAL_TIM_PWM_Init         0x800'0247   0x1a  Code  Gb  stm32l4xx_hal_tim.o [1]
HAL_TIM_PWM_Start        0x800'0261   0xc8  Code  Gb  stm32l4xx_hal_tim.o [1]
HAL_TIM_PeriodElapsedCallback
                         0x800'0d33    0xe  Code  Gb  main.o [1]
HardFault_Handler        0x800'1a97    0x2  Code  Gb  stm32l4xx_it.o [1]
MSIRangeTable            0x800'19ac   0x30  Data  Gb  system_stm32l4xx.o [1]
MemManage_Handler        0x800'1a99    0x2  Code  Gb  stm32l4xx_it.o [1]
NMI_Handler              0x800'1a95    0x2  Code  Gb  stm32l4xx_it.o [1]
PendSV_Handler           0x800'1aa3    0x2  Code  Gb  stm32l4xx_it.o [1]
RCC_SetFlashLatencyFromMSIRange
                         0x800'170f   0x74  Code  Lc  stm32l4xx_hal_rcc.o [1]
Region$$Table$$Base      0x800'1a28          --   Gb  - Linker created -
Region$$Table$$Limit     0x800'1a4c          --   Gb  - Linker created -
SVC_Handler              0x800'1a9f    0x2  Code  Gb  stm32l4xx_it.o [1]
SysTick_Handler          0x800'1aa5    0x2  Code  Gb  stm32l4xx_it.o [1]
SystemClock_Config       0x800'0cab   0x62  Code  Gb  main.o [1]
SystemCoreClock         0x2000'000c    0x4  Data  Gb  system_stm32l4xx.o [1]
SystemInit               0x800'195d   0x34  Code  Gb  system_stm32l4xx.o [1]
TIM1_UP_TIM16_IRQHandler
                         0x800'1aa7    0x6  Code  Gb  stm32l4xx_it.o [1]
TIM_Base_SetConfig       0x800'06d9   0xac  Code  Gb  stm32l4xx_hal_tim.o [1]
TIM_CCxChannelCmd        0x800'0a83   0x16  Code  Gb  stm32l4xx_hal_tim.o [1]
TIM_ETR_SetConfig        0x800'0a6f   0x14  Code  Gb  stm32l4xx_hal_tim.o [1]
TIM_ITRx_SetConfig       0x800'0a5f   0x10  Code  Lc  stm32l4xx_hal_tim.o [1]
TIM_OC1_SetConfig        0x800'0785   0x82  Code  Lc  stm32l4xx_hal_tim.o [1]
TIM_OC2_SetConfig        0x800'0807   0x72  Code  Gb  stm32l4xx_hal_tim.o [1]
TIM_OC3_SetConfig        0x800'0879   0x70  Code  Lc  stm32l4xx_hal_tim.o [1]
TIM_OC4_SetConfig        0x800'08e9   0x4e  Code  Lc  stm32l4xx_hal_tim.o [1]
TIM_OC5_SetConfig        0x800'0937   0x54  Code  Lc  stm32l4xx_hal_tim.o [1]
TIM_OC6_SetConfig        0x800'098b   0x4e  Code  Lc  stm32l4xx_hal_tim.o [1]
TIM_TI1_ConfigInputStage
                         0x800'0a1d   0x1e  Code  Lc  stm32l4xx_hal_tim.o [1]
TIM_TI2_ConfigInputStage
                         0x800'0a3b   0x24  Code  Lc  stm32l4xx_hal_tim.o [1]
UsageFault_Handler       0x800'1a9d    0x2  Code  Gb  stm32l4xx_it.o [1]
__NVIC_SetPriority       0x800'183d   0x1a  Code  Lc  stm32l4xx_hal_cortex.o [1]
__aeabi_memset           0x800'17d5         Code  Gb  ABImemset.o [4]
__cmain                  0x800'1a4d         Code  Gb  cmain.o [4]
__exit                   0x800'1a81   0x14  Code  Gb  exit.o [5]
__iar_Memset             0x800'17d5         Code  Gb  ABImemset.o [4]
__iar_Memset_word        0x800'17dd         Code  Gb  ABImemset.o [4]
__iar_copy_init3         0x800'0b83   0x2e  Code  Gb  copy_init3.o [4]
__iar_data_init3         0x800'19dd   0x28  Code  Gb  data_init.o [4]
__iar_init_vfp           0x800'1a05         Code  Gb  fpinit_M.o [3]
__iar_program_start      0x800'1ad1         Code  Gb  cstartup_M.o [4]
__iar_zero_init3         0x800'0a9f   0x3a  Code  Gb  zero_init3.o [4]
__low_level_init         0x800'1a6b    0x4  Code  Gb  low_level_init.o [2]
__vector_table           0x800'0000         Data  Gb  startup_stm32l475xx.o [1]
_call_main               0x800'1a59         Code  Gb  cmain.o [4]
_exit                    0x800'1a75         Code  Gb  cexit.o [4]
_main                    0x800'1a67         Code  Gb  cmain.o [4]
exit                     0x800'1a6f    0x4  Code  Gb  exit.o [2]
htim16                  0x2000'0060   0x4c  Data  Gb  stm32l4xx_hal_timebase_tim.o [1]
htim2                   0x2000'0014   0x4c  Data  Gb  main.o [1]
main                     0x800'0bb1   0xfa  Code  Gb  main.o [1]
memset                   0x800'0d5b   0x14  Code  Gb  memset.o [4]
pwm_value               0x2000'0010    0x2  Data  Gb  main.o [1]
step                    0x2000'0012    0x2  Data  Gb  main.o [1]
user_pwm_setvalue        0x800'0d0d   0x26  Code  Gb  main.o [1]
uwTick                  0x2000'0004    0x4  Data  Gb  stm32l4xx_hal.o [1]
uwTickFreq              0x2000'0000    0x1  Data  Gb  stm32l4xx_hal.o [1]
uwTickPrio              0x2000'0008    0x4  Data  Gb  stm32l4xx_hal.o [1]


[1] = F:\School\Assignment08\PWM_LED1_AGP\EWARM\PWM_LED1_AGP\Obj
[2] = dl7M_tln.a
[3] = m7M_tls.a
[4] = rt7M_tl.a
[5] = shb_l.a

  7'090 bytes of readonly  code memory
    110 bytes of readonly  data memory
  1'196 bytes of readwrite data memory

Errors: none
Warnings: none
